KOSHELI server running on port 5000
✅ MongoDB connected: localhost
[0mPOST /api/auth/login [32m200[0m 234.024 ms - 367[0m
[0mPOST /api/auth/register [32m201[0m 101.399 ms - 383[0m
[0mGET /api/products [32m200[0m 10.794 ms - 15[0m
[0mGET /api/products [36m304[0m 2.697 ms - -[0m
[0mGET /api/orders [32m200[0m 26.494 ms - 118[0m
[0mGET /api/orders [36m304[0m 8.627 ms - -[0m
[0mGET /api/orders [36m304[0m 6.323 ms - -[0m
[0mGET /api/products [36m304[0m 28.619 ms - -[0m
[0mGET /api/products [36m304[0m 3.921 ms - -[0m
[0mGET /api/orders [36m304[0m 11.834 ms - -[0m
[0mGET /api/products [36m304[0m 4.115 ms - -[0m
[0mGET /api/orders [36m304[0m 7.883 ms - -[0m
[0mGET /api/products [36m304[0m 4.069 ms - -[0m
[0mGET /api/orders [36m304[0m 7.529 ms - -[0m
[0mGET /api/products [36m304[0m 4.015 ms - -[0m
[0mGET /api/orders [36m304[0m 8.043 ms - -[0m
[0mGET /api/products [36m304[0m 6.260 ms - -[0m
[0mGET /api/orders [36m304[0m 9.577 ms - -[0m
[0mGET /api/products [36m304[0m 4.077 ms - -[0m
[0mGET /api/orders [36m304[0m 7.587 ms - -[0m
[0mPOST /api/auth/login [32m200[0m 67.632 ms - 376[0m
[0mGET /api/products [36m304[0m 2.994 ms - -[0m
[0mGET /api/orders [36m304[0m 6.026 ms - -[0m
[0mGET /api/products [36m304[0m 3.334 ms - -[0m
[0mGET /api/orders [36m304[0m 6.085 ms - -[0m
[0mPOST /api/products [32m201[0m 24.500 ms - 329[0m
[0mGET /api/products [32m200[0m 4.514 ms - 304[0m
[0mGET /api/orders [36m304[0m 5.107 ms - -[0m
[0mGET /api/products [36m304[0m 4.393 ms - -[0m
[0mGET /api/orders [36m304[0m 7.571 ms - -[0m
[0mGET /api/products [36m304[0m 4.080 ms - -[0m
[0mGET /api/orders [36m304[0m 6.079 ms - -[0m
[0mGET /api/orders [36m304[0m 43.081 ms - -[0m
[0mGET /api/products [36m304[0m 23.637 ms - -[0m
[0mGET /api/orders [36m304[0m 5.388 ms - -[0m
[0mGET /api/products [36m304[0m 3.961 ms - -[0m
[0mGET /api/products [36m304[0m 6.066 ms - -[0m
[0mGET /api/orders [36m304[0m 9.311 ms - -[0m
[0mGET /api/products [36m304[0m 3.575 ms - -[0m
[0mGET /api/orders [36m304[0m 6.543 ms - -[0m
[0mGET /api/products [36m304[0m 12.362 ms - -[0m
[0mGET /api/orders [36m304[0m 15.419 ms - -[0m
[0mGET /api/products [36m304[0m 3.626 ms - -[0m
[0mGET /api/orders [36m304[0m 5.467 ms - -[0m
[0mGET /api/products [36m304[0m 3.920 ms - -[0m
[0mGET /api/orders [36m304[0m 8.411 ms - -[0m
[0mPOST /api/auth/login [32m200[0m 145.589 ms - 367[0m
[0mPOST /api/auth/login [32m200[0m 151.441 ms - 367[0m
[0mPOST /api/auth/login [32m200[0m 150.435 ms - 376[0m
[0mGET /api/products [32m200[0m 17.532 ms - 304[0m
[0mGET /api/orders [32m200[0m 24.229 ms - 118[0m
[0mGET /api/products [36m304[0m 8.899 ms - -[0m
[0mGET /api/orders [36m304[0m 8.828 ms - -[0m
[0mGET /api/products [36m304[0m 17.508 ms - -[0m
[0mGET /api/orders [36m304[0m 21.630 ms - -[0m
[0mGET /api/products [36m304[0m 6.317 ms - -[0m
[0mGET /api/orders [36m304[0m 8.829 ms - -[0m
[0mPOST /api/auth/login [32m200[0m 184.715 ms - 367[0m
[0mPOST /api/auth/login [32m200[0m 156.747 ms - 367[0m
[0mPOST /api/auth/login [33m401[0m 74.763 ms - 40[0m
[0mPOST /api/auth/login [33m401[0m 30.057 ms - 40[0m
[0mPOST /api/auth/login [32m200[0m 151.207 ms - 376[0m
[0mGET /api/products [32m200[0m 39.570 ms - 304[0m
[0mGET /api/orders [36m304[0m 50.990 ms - -[0m
[0mGET /api/products [36m304[0m 10.229 ms - -[0m
[0mGET /api/orders [36m304[0m 8.722 ms - -[0m
[0mPOST /api/products [32m201[0m 60.013 ms - 344[0m
[0mGET /api/products [32m200[0m 5.890 ms - 609[0m
[0mGET /api/orders [36m304[0m 9.896 ms - -[0m
[0mGET /api/products [36m304[0m 4.691 ms - -[0m
[0mGET /api/products [36m304[0m 4.156 ms - -[0m
[0mGET /api/products [36m304[0m 7.095 ms - -[0m
[0mGET /api/orders [36m304[0m 33.924 ms - -[0m
[0mGET /api/products [36m304[0m 11.904 ms - -[0m
[0mGET /api/orders [36m304[0m 13.570 ms - -[0m
[0mGET /api/products [36m304[0m 4.955 ms - -[0m
[0mGET /api/products [36m304[0m 6.770 ms - -[0m
[0mGET /api/products [36m304[0m 12.088 ms - -[0m
[0mGET /api/orders [36m304[0m 19.649 ms - -[0m
[0mGET /api/products [36m304[0m 8.209 ms - -[0m
[0mGET /api/orders [36m304[0m 9.639 ms - -[0m
[0mGET /api/products [36m304[0m 3.501 ms - -[0m
[0mGET /api/orders [36m304[0m 7.922 ms - -[0m
[0mGET /api/products [36m304[0m 3.487 ms - -[0m
[0mGET /api/orders [36m304[0m 4.914 ms - -[0m
[0mGET /api/products [36m304[0m 40.325 ms - -[0m
[0mGET /api/orders [36m304[0m 44.429 ms - -[0m
[0mGET /api/products [36m304[0m 4.971 ms - -[0m
[0mGET /api/orders [36m304[0m 9.647 ms - -[0m
[0mGET /api/products [36m304[0m 31.865 ms - -[0m
[0mGET /api/orders [36m304[0m 35.769 ms - -[0m
[0mGET /api/products [36m304[0m 21.785 ms - -[0m
[0mGET /api/orders [36m304[0m 31.891 ms - -[0m
[0mPOST /api/auth/login [32m200[0m 141.440 ms - 367[0m
[0mGET /api/products [36m304[0m 5.615 ms - -[0m
[0mGET /api/products [36m304[0m 5.132 ms - -[0m
[0mGET /api/products [36m304[0m 6.077 ms - -[0m
[0mGET /api/products [36m304[0m 5.162 ms - -[0m
[0mGET /api/products [36m304[0m 4.032 ms - -[0m
[0mGET /api/products [36m304[0m 4.480 ms - -[0m
[0mGET /api/products [36m304[0m 2.540 ms - -[0m
[0mPOST /api/auth/login [32m200[0m 129.848 ms - 376[0m
[0mGET /api/products [36m304[0m 4.894 ms - -[0m
[0mGET /api/products [36m304[0m 7.652 ms - -[0m
[0mGET /api/users [33m404[0m 2.994 ms - 29[0m
[0mGET /api/orders [36m304[0m 17.834 ms - -[0m
[0mGET /api/users [33m404[0m 0.594 ms - 29[0m
[0mGET /api/orders [36m304[0m 9.298 ms - -[0m
[0mGET /api/products [36m304[0m 3.445 ms - -[0m
[0mGET /api/products [36m304[0m 5.975 ms - -[0m
[0mGET /api/users [33m404[0m 0.385 ms - 29[0m
[0mGET /api/orders [36m304[0m 14.694 ms - -[0m
[0mGET /api/users [33m404[0m 0.455 ms - 29[0m
[0mGET /api/orders [36m304[0m 6.753 ms - -[0m
[0mGET /api/products [36m304[0m 2.846 ms - -[0m
[0mGET /api/products [36m304[0m 2.828 ms - -[0m
[0mGET /api/products [36m304[0m 3.560 ms - -[0m
[0mGET /api/users [33m404[0m 0.228 ms - 29[0m
[0mGET /api/orders [36m304[0m 7.503 ms - -[0m
[0mGET /api/products [36m304[0m 4.465 ms - -[0m
[0mGET /api/products [36m304[0m 3.883 ms - -[0m
[0mGET /api/products [36m304[0m 3.504 ms - -[0m
[0mGET /api/users [33m404[0m 0.248 ms - 29[0m
[0mGET /api/orders [36m304[0m 7.493 ms - -[0m
[0mGET /api/users [33m404[0m 0.255 ms - 29[0m
[0mGET /api/orders [36m304[0m 5.823 ms - -[0m
[0mGET /api/products [36m304[0m 3.427 ms - -[0m
[0mGET /api/users [33m404[0m 0.360 ms - 29[0m
[0mGET /api/orders [36m304[0m 8.282 ms - -[0m
[0mGET /api/products [36m304[0m 3.930 ms - -[0m
[0mGET /api/products [36m304[0m 3.917 ms - -[0m
[0mGET /api/users [33m404[0m 0.246 ms - 29[0m
[0mGET /api/orders [36m304[0m 6.746 ms - -[0m
[0mGET /api/users [33m404[0m 0.271 ms - 29[0m
[0mGET /api/orders [36m304[0m 7.099 ms - -[0m
[0mGET /api/products [36m304[0m 6.546 ms - -[0m
[0mGET /api/products [36m304[0m 7.802 ms - -[0m
[0mGET /api/users [33m404[0m 0.319 ms - 29[0m
[0mGET /api/orders [36m304[0m 10.566 ms - -[0m
[0mGET /api/users [33m404[0m 0.447 ms - 29[0m
[0mGET /api/orders [36m304[0m 9.883 ms - -[0m
[0mPOST /api/auth/login [32m200[0m 192.514 ms - 367[0m
[0mGET /api/products [36m304[0m 3.837 ms - -[0m
[0mGET /api/products [36m304[0m 5.171 ms - -[0m
[0mGET /api/products [36m304[0m 3.262 ms - -[0m
[0mGET /api/products [36m304[0m 3.335 ms - -[0m
[0mGET /api/products [36m304[0m 5.508 ms - -[0m
[0mGET /api/products [36m304[0m 5.816 ms - -[0m
[0mGET /api/products [36m304[0m 5.687 ms - -[0m
[0mGET /api/products [36m304[0m 5.207 ms - -[0m
[0mGET /api/products [36m304[0m 3.939 ms - -[0m
[0mGET /api/products [36m304[0m 2.835 ms - -[0m
[0mGET /api/products [36m304[0m 3.499 ms - -[0m
[0mGET /api/products [36m304[0m 4.000 ms - -[0m
[0mPOST /api/cart [32m200[0m 71.426 ms - 320[0m
[0mGET /api/products [36m304[0m 6.004 ms - -[0m
[0mGET /api/products [36m304[0m 6.140 ms - -[0m
[0mPOST /api/auth/login [32m200[0m 164.947 ms - 376[0m
[0mGET /api/products [36m304[0m 4.598 ms - -[0m
[0mGET /api/products [36m304[0m 8.819 ms - -[0m
[0mGET /api/users [33m404[0m 0.314 ms - 29[0m
[0mGET /api/orders [36m304[0m 12.425 ms - -[0m
[0mGET /api/users [33m404[0m 0.319 ms - 29[0m
[0mGET /api/orders [36m304[0m 9.700 ms - -[0m
[0mGET /api/products [36m304[0m 5.312 ms - -[0m
[0mGET /api/products [36m304[0m 9.716 ms - -[0m
[0mGET /api/users [33m404[0m 0.499 ms - 29[0m
[0mGET /api/orders [36m304[0m 16.653 ms - -[0m
[0mGET /api/users [33m404[0m 0.627 ms - 29[0m
[0mGET /api/orders [36m304[0m 13.827 ms - -[0m
[0mPOST /api/cart [32m200[0m 55.268 ms - 299[0m
[0mGET /api/products [36m304[0m 6.924 ms - -[0m
[0mGET /api/products [36m304[0m 5.929 ms - -[0m
[0mGET /api/products [36m304[0m 4.548 ms - -[0m
[0mGET /api/products [36m304[0m 5.338 ms - -[0m
[0mGET /api/products [36m304[0m 4.829 ms - -[0m
[0mGET /api/products [36m304[0m 4.304 ms - -[0m
[0mGET /api/products [36m304[0m 6.029 ms - -[0m
[0mGET /api/products [36m304[0m 7.974 ms - -[0m
[0mGET /api/users [33m404[0m 0.386 ms - 29[0m
[0mGET /api/orders [36m304[0m 11.592 ms - -[0m
[0mGET /api/users [33m404[0m 0.593 ms - 29[0m
[0mGET /api/orders [36m304[0m 7.941 ms - -[0m
[0mGET /api/products [36m304[0m 6.374 ms - -[0m
[0mGET /api/products [36m304[0m 7.539 ms - -[0m
[0mGET /api/users [33m404[0m 0.395 ms - 29[0m
[0mGET /api/orders [36m304[0m 11.368 ms - -[0m
[0mGET /api/users [33m404[0m 0.296 ms - 29[0m
[0mGET /api/orders [36m304[0m 11.969 ms - -[0m
[0mGET /api/products [36m304[0m 7.201 ms - -[0m
[0mGET /api/users [33m404[0m 0.323 ms - 29[0m
[0mGET /api/products [36m304[0m 10.401 ms - -[0m
[0mGET /api/orders [36m304[0m 19.130 ms - -[0m
[0mGET /api/users [33m404[0m 0.282 ms - 29[0m
[0mGET /api/orders [36m304[0m 10.446 ms - -[0m
[0mPOST /api/auth/login [32m200[0m 172.757 ms - 367[0m
[0mGET /api/products [36m304[0m 3.412 ms - -[0m
[0mGET /api/products [36m304[0m 4.482 ms - -[0m
[0mGET /api/products [36m304[0m 6.245 ms - -[0m
[0mGET /api/products [36m304[0m 3.924 ms - -[0m
[0mGET /api/products [36m304[0m 4.127 ms - -[0m
[0mGET /api/products [36m304[0m 1.696 ms - -[0m
[0mPOST /api/auth/login [33m401[0m 97.556 ms - 40[0m
[0mPOST /api/auth/login [32m200[0m 152.480 ms - 376[0m
[0mGET /api/products [36m304[0m 4.521 ms - -[0m
[0mGET /api/orders [36m304[0m 13.293 ms - -[0m
[0mGET /api/products [36m304[0m 6.713 ms - -[0m
[0mGET /api/orders [36m304[0m 9.621 ms - -[0m
[0mPOST /api/products [32m201[0m 21.126 ms - 263[0m
[0mGET /api/products [32m200[0m 5.032 ms - 833[0m
[0mGET /api/orders [36m304[0m 7.939 ms - -[0m
[0mGET /api/products [36m304[0m 4.195 ms - -[0m
[0mGET /api/products [36m304[0m 3.450 ms - -[0m
[0mGET /api/products [36m304[0m 7.518 ms - -[0m
[0mGET /api/orders [36m304[0m 7.781 ms - -[0m
[0mGET /api/products [36m304[0m 3.116 ms - -[0m
[0mGET /api/orders [36m304[0m 7.825 ms - -[0m
[0mPOST /api/auth/login [32m200[0m 80.798 ms - 367[0m
[0mGET /api/products [36m304[0m 2.723 ms - -[0m
[0mGET /api/products [36m304[0m 3.115 ms - -[0m
[0mPOST /api/orders [33m400[0m 31.096 ms - 85[0m
[0mPOST /api/orders [33m400[0m 3.262 ms - 85[0m
[0mPOST /api/orders [33m400[0m 2.270 ms - 85[0m
[0mPOST /api/orders [33m400[0m 2.359 ms - 85[0m
[0mGET /api/products [36m304[0m 3.123 ms - -[0m
[0mGET /api/products [36m304[0m 2.633 ms - -[0m
[0mGET /api/products [36m304[0m 6.099 ms - -[0m
[0mGET /api/orders [33m403[0m 8.469 ms - 36[0m
[0mGET /api/products [36m304[0m 8.283 ms - -[0m
[0mGET /api/orders [33m403[0m 7.364 ms - 36[0m
[0mPOST /api/products [33m403[0m 11.796 ms - 36[0m
[0mGET /api/products [36m304[0m 3.595 ms - -[0m
[0mGET /api/products [36m304[0m 5.045 ms - -[0m
[0mPOST /api/auth/login [32m200[0m 86.637 ms - 376[0m
[0mGET /api/products [36m304[0m 4.219 ms - -[0m
[0mGET /api/orders [32m200[0m 10.330 ms - 118[0m
[0mGET /api/products [36m304[0m 4.877 ms - -[0m
[0mGET /api/orders [36m304[0m 7.531 ms - -[0m
[0mPOST /api/products [32m201[0m 18.832 ms - 257[0m
[0mGET /api/products [32m200[0m 6.577 ms - 1051[0m
[0mGET /api/orders [36m304[0m 10.147 ms - -[0m
[0mGET /api/products [36m304[0m 5.670 ms - -[0m
[0mGET /api/products [36m304[0m 7.699 ms - -[0m
[0mGET /api/products [32m200[0m 314.021 ms - 1051[0m
[0mGET /api/products [36m304[0m 15.419 ms - -[0m
[0mGET /api/orders [33m401[0m 43.222 ms - 39[0m
[0mGET /api/products [36m304[0m 57.579 ms - -[0m
[0mGET /api/orders [33m401[0m 2.698 ms - 39[0m
[0mGET /api/products [36m304[0m 5.926 ms - -[0m
[0mPOST /api/auth/login [32m200[0m 211.612 ms - 367[0m
[0mGET /api/products [36m304[0m 4.053 ms - -[0m
[0mGET /api/products [36m304[0m 5.234 ms - -[0m
[0mPOST /api/auth/login [33m401[0m 170.985 ms - 40[0m
[0mPOST /api/auth/login [32m200[0m 151.003 ms - 376[0m
[0mGET /api/products [36m304[0m 8.402 ms - -[0m
[0mGET /api/orders [36m304[0m 33.817 ms - -[0m
[0mGET /api/products [36m304[0m 30.574 ms - -[0m
[0mGET /api/orders [36m304[0m 8.152 ms - -[0m
[0mPUT /api/products/6a65b908fa3922cbfc9670ea [32m200[0m 121.297 ms - 257[0m
[0mPUT /api/products/6a65b908fa3922cbfc9670ea [32m200[0m 14.684 ms - 257[0m
[0mGET /api/products [32m200[0m 3.615 ms - 1051[0m
[0mGET /api/products [36m304[0m 6.334 ms - -[0m
[0mGET /api/products [36m304[0m 8.486 ms - -[0m
[0mGET /api/orders [36m304[0m 14.820 ms - -[0m
[0mGET /api/products [36m304[0m 6.559 ms - -[0m
[0mGET /api/orders [36m304[0m 15.407 ms - -[0m
[0mPOST /api/orders [33m400[0m 31.031 ms - 85[0m
[0mPOST /api/orders [33m400[0m 46.781 ms - 85[0m
[0mPOST /api/orders [33m400[0m 4.921 ms - 85[0m
[0mPOST /api/orders [33m400[0m 5.828 ms - 85[0m
[0mPOST /api/orders [33m400[0m 4.590 ms - 85[0m
[0mPOST /api/orders [33m400[0m 4.020 ms - 85[0m
[0mGET /api/products [36m304[0m 9.528 ms - -[0m
[0mGET /api/orders [36m304[0m 17.217 ms - -[0m
[0mGET /api/products [36m304[0m 5.303 ms - -[0m
[0mGET /api/orders [36m304[0m 12.203 ms - -[0m
[0mGET /api/products [36m304[0m 9.385 ms - -[0m
[0mGET /api/orders [36m304[0m 13.596 ms - -[0m
[0mGET /api/products [36m304[0m 7.981 ms - -[0m
[0mGET /api/orders [36m304[0m 11.254 ms - -[0m
[0mPOST /api/auth/login [32m200[0m 116.034 ms - 367[0m
[0mGET /api/products [36m304[0m 4.056 ms - -[0m
[0mGET /api/products [36m304[0m 6.602 ms - -[0m
[0mGET /api/products [36m304[0m 3.433 ms - -[0m
[0mGET /api/products [36m304[0m 3.837 ms - -[0m
[0mGET /api/products [36m304[0m 39.850 ms - -[0m
[0mGET /api/orders [33m403[0m 39.771 ms - 36[0m
[0mGET /api/products [36m304[0m 5.412 ms - -[0m
[0mGET /api/orders [33m403[0m 7.898 ms - 36[0m
[0mGET /api/products [36m304[0m 5.708 ms - -[0m
[0mGET /api/products [36m304[0m 7.816 ms - -[0m
[0mGET /api/products [36m304[0m 5.020 ms - -[0m
[0mGET /api/products [36m304[0m 4.814 ms - -[0m
[0mGET /api/products [32m200[0m 5.431 ms - 1051[0m
[0mGET /api/orders [33m401[0m 1.196 ms - 39[0m
[0mGET /api/products [36m304[0m 7.606 ms - -[0m
[0mGET /api/orders [33m401[0m 1.427 ms - 39[0m
[0mGET /api/products [36m304[0m 5.690 ms - -[0m
[0mGET /api/products [36m304[0m 7.666 ms - -[0m
[0mGET /api/products [36m304[0m 7.371 ms - -[0m
[0mGET /api/products [36m304[0m 6.017 ms - -[0m
[0mGET /api/products [36m304[0m 5.880 ms - -[0m
[0mGET /api/products [36m304[0m 7.122 ms - -[0m
[0mGET /api/products [36m304[0m 4.104 ms - -[0m
[0mGET /api/products [36m304[0m 8.491 ms - -[0m
[0mGET /api/products [36m304[0m 3.634 ms - -[0m
[0mGET /api/products [36m304[0m 5.868 ms - -[0m
[0mPOST /api/auth/login [32m200[0m 121.520 ms - 376[0m
[0mGET /api/products [36m304[0m 6.838 ms - -[0m
[0mGET /api/orders [32m200[0m 12.333 ms - 118[0m
[0mGET /api/products [36m304[0m 6.081 ms - -[0m
[0mGET /api/orders [36m304[0m 9.595 ms - -[0m
[0mPUT /api/products/6a65b908fa3922cbfc9670ea [32m200[0m 17.392 ms - 257[0m
[0mPUT /api/products/6a65b908fa3922cbfc9670ea [32m200[0m 42.502 ms - 257[0m
[0mPUT /api/products/6a65b908fa3922cbfc9670ea [32m200[0m 11.916 ms - 257[0m
[0mPUT /api/products/6a65b908fa3922cbfc9670ea [32m200[0m 38.106 ms - 260[0m
[0mPUT /api/products/6a65b908fa3922cbfc9670ea [32m200[0m 12.847 ms - 257[0m
